INFO:     Will watch for changes in these directories: ['/Users/jackziegler/Projects/Shyfty/backend']
INFO:     Uvicorn running on http://0.0.0.0:8001 (Press CTRL+C to quit)
INFO:     Started reloader process [73806] using WatchFiles
INFO:     Started server process [73810]
INFO:     Waiting for application startup.
INFO:     Application startup complete.
INFO:     127.0.0.1:55834 - "GET /api/signals?limit=50 HTTP/1.1" 500 Internal Server Error
ERROR:    Exception in ASGI application
Traceback (most recent call last):
  File "/Users/jackziegler/Projects/Shyfty/backend/.venv/lib/python3.9/site-packages/sqlalchemy/engine/base.py", line 146, in __init__
    self._dbapi_connection = engine.raw_connection()
  File "/Users/jackziegler/Projects/Shyfty/backend/.venv/lib/python3.9/site-packages/sqlalchemy/engine/base.py", line 3298, in raw_connection
    return self.pool.connect()
  File "/Users/jackziegler/Projects/Shyfty/backend/.venv/lib/python3.9/site-packages/sqlalchemy/pool/base.py", line 449, in connect
    return _ConnectionFairy._checkout(self)
  File "/Users/jackziegler/Projects/Shyfty/backend/.venv/lib/python3.9/site-packages/sqlalchemy/pool/base.py", line 1264, in _checkout
    fairy = _ConnectionRecord.checkout(pool)
  File "/Users/jackziegler/Projects/Shyfty/backend/.venv/lib/python3.9/site-packages/sqlalchemy/pool/base.py", line 713, in checkout
    rec = pool._do_get()
  File "/Users/jackziegler/Projects/Shyfty/backend/.venv/lib/python3.9/site-packages/sqlalchemy/pool/impl.py", line 180, in _do_get
    self._dec_overflow()
  File "/Users/jackziegler/Projects/Shyfty/backend/.venv/lib/python3.9/site-packages/sqlalchemy/util/langhelpers.py", line 146, in __exit__
    raise exc_value.with_traceback(exc_tb)
  File "/Users/jackziegler/Projects/Shyfty/backend/.venv/lib/python3.9/site-packages/sqlalchemy/pool/impl.py", line 177, in _do_get
    return self._create_connection()
  File "/Users/jackziegler/Projects/Shyfty/backend/.venv/lib/python3.9/site-packages/sqlalchemy/pool/base.py", line 390, in _create_connection
    return _ConnectionRecord(self)
  File "/Users/jackziegler/Projects/Shyfty/backend/.venv/lib/python3.9/site-packages/sqlalchemy/pool/base.py", line 675, in __init__
    self.__connect()
  File "/Users/jackziegler/Projects/Shyfty/backend/.venv/lib/python3.9/site-packages/sqlalchemy/pool/base.py", line 902, in __connect
    pool.logger.debug("Error on connect(): %s", e)
  File "/Users/jackziegler/Projects/Shyfty/backend/.venv/lib/python3.9/site-packages/sqlalchemy/util/langhelpers.py", line 146, in __exit__
    raise exc_value.with_traceback(exc_tb)
  File "/Users/jackziegler/Projects/Shyfty/backend/.venv/lib/python3.9/site-packages/sqlalchemy/pool/base.py", line 897, in __connect
    self.dbapi_connection = connection = pool._invoke_creator(self)
  File "/Users/jackziegler/Projects/Shyfty/backend/.venv/lib/python3.9/site-packages/sqlalchemy/engine/create.py", line 646, in connect
    return dialect.connect(*cargs, **cparams)
  File "/Users/jackziegler/Projects/Shyfty/backend/.venv/lib/python3.9/site-packages/sqlalchemy/engine/default.py", line 625, in connect
    return self.loaded_dbapi.connect(*cargs, **cparams)  # type: ignore[no-any-return]  # NOQA: E501
  File "/Users/jackziegler/Projects/Shyfty/backend/.venv/lib/python3.9/site-packages/psycopg/connection.py", line 117, in connect
    raise last_ex.with_traceback(None)
psycopg.OperationalError: connection failed: connection to server at "127.0.0.1", port 5432 failed: FATAL:  database "shyfty" does not exist

The above exception was the direct cause of the following exception:

Traceback (most recent call last):
  File "/Users/jackziegler/Projects/Shyfty/backend/.venv/lib/python3.9/site-packages/uvicorn/protocols/http/httptools_impl.py", line 409, in run_asgi
    result = await app(  # type: ignore[func-returns-value]
  File "/Users/jackziegler/Projects/Shyfty/backend/.venv/lib/python3.9/site-packages/uvicorn/middleware/proxy_headers.py", line 60, in __call__
    return await self.app(scope, receive, send)
  File "/Users/jackziegler/Projects/Shyfty/backend/.venv/lib/python3.9/site-packages/fastapi/applications.py", line 1054, in __call__
    await super().__call__(scope, receive, send)
  File "/Users/jackziegler/Projects/Shyfty/backend/.venv/lib/python3.9/site-packages/starlette/applications.py", line 112, in __call__
    await self.middleware_stack(scope, receive, send)
  File "/Users/jackziegler/Projects/Shyfty/backend/.venv/lib/python3.9/site-packages/starlette/middleware/errors.py", line 187, in __call__
    raise exc
  File "/Users/jackziegler/Projects/Shyfty/backend/.venv/lib/python3.9/site-packages/starlette/middleware/errors.py", line 165, in __call__
    await self.app(scope, receive, _send)
  File "/Users/jackziegler/Projects/Shyfty/backend/.venv/lib/python3.9/site-packages/starlette/middleware/cors.py", line 93, in __call__
    await self.simple_response(scope, receive, send, request_headers=headers)
  File "/Users/jackziegler/Projects/Shyfty/backend/.venv/lib/python3.9/site-packages/starlette/middleware/cors.py", line 144, in simple_response
    await self.app(scope, receive, send)
  File "/Users/jackziegler/Projects/Shyfty/backend/.venv/lib/python3.9/site-packages/starlette/middleware/exceptions.py", line 62, in __call__
    await wrap_app_handling_exceptions(self.app, conn)(scope, receive, send)
  File "/Users/jackziegler/Projects/Shyfty/backend/.venv/lib/python3.9/site-packages/starlette/_exception_handler.py", line 53, in wrapped_app
    raise exc
  File "/Users/jackziegler/Projects/Shyfty/backend/.venv/lib/python3.9/site-packages/starlette/_exception_handler.py", line 42, in wrapped_app
    await app(scope, receive, sender)
  File "/Users/jackziegler/Projects/Shyfty/backend/.venv/lib/python3.9/site-packages/starlette/routing.py", line 714, in __call__
    await self.middleware_stack(scope, receive, send)
  File "/Users/jackziegler/Projects/Shyfty/backend/.venv/lib/python3.9/site-packages/starlette/routing.py", line 734, in app
    await route.handle(scope, receive, send)
  File "/Users/jackziegler/Projects/Shyfty/backend/.venv/lib/python3.9/site-packages/starlette/routing.py", line 288, in handle
    await self.app(scope, receive, send)
  File "/Users/jackziegler/Projects/Shyfty/backend/.venv/lib/python3.9/site-packages/starlette/routing.py", line 76, in app
    await wrap_app_handling_exceptions(app, request)(scope, receive, send)
  File "/Users/jackziegler/Projects/Shyfty/backend/.venv/lib/python3.9/site-packages/starlette/_exception_handler.py", line 53, in wrapped_app
    raise exc
  File "/Users/jackziegler/Projects/Shyfty/backend/.venv/lib/python3.9/site-packages/starlette/_exception_handler.py", line 42, in wrapped_app
    await app(scope, receive, sender)
  File "/Users/jackziegler/Projects/Shyfty/backend/.venv/lib/python3.9/site-packages/starlette/routing.py", line 73, in app
    response = await f(request)
  File "/Users/jackziegler/Projects/Shyfty/backend/.venv/lib/python3.9/site-packages/fastapi/routing.py", line 301, in app
    raw_response = await run_endpoint_function(
  File "/Users/jackziegler/Projects/Shyfty/backend/.venv/lib/python3.9/site-packages/fastapi/routing.py", line 214, in run_endpoint_function
    return await run_in_threadpool(dependant.call, **values)
  File "/Users/jackziegler/Projects/Shyfty/backend/.venv/lib/python3.9/site-packages/starlette/concurrency.py", line 37, in run_in_threadpool
    return await anyio.to_thread.run_sync(func)
  File "/Users/jackziegler/Projects/Shyfty/backend/.venv/lib/python3.9/site-packages/anyio/to_thread.py", line 63, in run_sync
    return await get_async_backend().run_sync_in_worker_thread(
  File "/Users/jackziegler/Projects/Shyfty/backend/.venv/lib/python3.9/site-packages/anyio/_backends/_asyncio.py", line 2502, in run_sync_in_worker_thread
    return await future
  File "/Users/jackziegler/Projects/Shyfty/backend/.venv/lib/python3.9/site-packages/anyio/_backends/_asyncio.py", line 986, in run
    result = context.run(func, *args)
  File "/Users/jackziegler/Projects/Shyfty/backend/app/api/routes/signals.py", line 22, in get_signals
    return list_signals(
  File "/Users/jackziegler/Projects/Shyfty/backend/app/services/signal_service.py", line 77, in list_signals
    rows = db.execute(query).all()
  File "/Users/jackziegler/Projects/Shyfty/backend/.venv/lib/python3.9/site-packages/sqlalchemy/orm/session.py", line 2365, in execute
    return self._execute_internal(
  File "/Users/jackziegler/Projects/Shyfty/backend/.venv/lib/python3.9/site-packages/sqlalchemy/orm/session.py", line 2241, in _execute_internal
    conn = self._connection_for_bind(bind)
  File "/Users/jackziegler/Projects/Shyfty/backend/.venv/lib/python3.9/site-packages/sqlalchemy/orm/session.py", line 2110, in _connection_for_bind
    return trans._connection_for_bind(engine, execution_options)
  File "<string>", line 2, in _connection_for_bind
  File "/Users/jackziegler/Projects/Shyfty/backend/.venv/lib/python3.9/site-packages/sqlalchemy/orm/state_changes.py", line 139, in _go
    ret_value = fn(self, *arg, **kw)
  File "/Users/jackziegler/Projects/Shyfty/backend/.venv/lib/python3.9/site-packages/sqlalchemy/orm/session.py", line 1189, in _connection_for_bind
    conn = bind.connect()
  File "/Users/jackziegler/Projects/Shyfty/backend/.venv/lib/python3.9/site-packages/sqlalchemy/engine/base.py", line 3274, in connect
    return self._connection_cls(self)
  File "/Users/jackziegler/Projects/Shyfty/backend/.venv/lib/python3.9/site-packages/sqlalchemy/engine/base.py", line 148, in __init__
    Connection._handle_dbapi_exception_noconnection(
  File "/Users/jackziegler/Projects/Shyfty/backend/.venv/lib/python3.9/site-packages/sqlalchemy/engine/base.py", line 2439, in _handle_dbapi_exception_noconnection
    raise sqlalchemy_exception.with_traceback(exc_info[2]) from e
  File "/Users/jackziegler/Projects/Shyfty/backend/.venv/lib/python3.9/site-packages/sqlalchemy/engine/base.py", line 146, in __init__
    self._dbapi_connection = engine.raw_connection()
  File "/Users/jackziegler/Projects/Shyfty/backend/.venv/lib/python3.9/site-packages/sqlalchemy/engine/base.py", line 3298, in raw_connection
    return self.pool.connect()
  File "/Users/jackziegler/Projects/Shyfty/backend/.venv/lib/python3.9/site-packages/sqlalchemy/pool/base.py", line 449, in connect
    return _ConnectionFairy._checkout(self)
  File "/Users/jackziegler/Projects/Shyfty/backend/.venv/lib/python3.9/site-packages/sqlalchemy/pool/base.py", line 1264, in _checkout
    fairy = _ConnectionRecord.checkout(pool)
  File "/Users/jackziegler/Projects/Shyfty/backend/.venv/lib/python3.9/site-packages/sqlalchemy/pool/base.py", line 713, in checkout
    rec = pool._do_get()
  File "/Users/jackziegler/Projects/Shyfty/backend/.venv/lib/python3.9/site-packages/sqlalchemy/pool/impl.py", line 180, in _do_get
    self._dec_overflow()
  File "/Users/jackziegler/Projects/Shyfty/backend/.venv/lib/python3.9/site-packages/sqlalchemy/util/langhelpers.py", line 146, in __exit__
    raise exc_value.with_traceback(exc_tb)
  File "/Users/jackziegler/Projects/Shyfty/backend/.venv/lib/python3.9/site-packages/sqlalchemy/pool/impl.py", line 177, in _do_get
    return self._create_connection()
  File "/Users/jackziegler/Projects/Shyfty/backend/.venv/lib/python3.9/site-packages/sqlalchemy/pool/base.py", line 390, in _create_connection
    return _ConnectionRecord(self)
  File "/Users/jackziegler/Projects/Shyfty/backend/.venv/lib/python3.9/site-packages/sqlalchemy/pool/base.py", line 675, in __init__
    self.__connect()
  File "/Users/jackziegler/Projects/Shyfty/backend/.venv/lib/python3.9/site-packages/sqlalchemy/pool/base.py", line 902, in __connect
    pool.logger.debug("Error on connect(): %s", e)
  File "/Users/jackziegler/Projects/Shyfty/backend/.venv/lib/python3.9/site-packages/sqlalchemy/util/langhelpers.py", line 146, in __exit__
    raise exc_value.with_traceback(exc_tb)
  File "/Users/jackziegler/Projects/Shyfty/backend/.venv/lib/python3.9/site-packages/sqlalchemy/pool/base.py", line 897, in __connect
    self.dbapi_connection = connection = pool._invoke_creator(self)
  File "/Users/jackziegler/Projects/Shyfty/backend/.venv/lib/python3.9/site-packages/sqlalchemy/engine/create.py", line 646, in connect
    return dialect.connect(*cargs, **cparams)
  File "/Users/jackziegler/Projects/Shyfty/backend/.venv/lib/python3.9/site-packages/sqlalchemy/engine/default.py", line 625, in connect
    return self.loaded_dbapi.connect(*cargs, **cparams)  # type: ignore[no-any-return]  # NOQA: E501
  File "/Users/jackziegler/Projects/Shyfty/backend/.venv/lib/python3.9/site-packages/psycopg/connection.py", line 117, in connect
    raise last_ex.with_traceback(None)
sqlalchemy.exc.OperationalError: (psycopg.OperationalError) connection failed: connection to server at "127.0.0.1", port 5432 failed: FATAL:  database "shyfty" does not exist
(Background on this error at: https://sqlalche.me/e/20/e3q8)
INFO:     127.0.0.1:55837 - "GET /api/signals?limit=50 HTTP/1.1" 500 Internal Server Error
ERROR:    Exception in ASGI application
Traceback (most recent call last):
  File "/Users/jackziegler/Projects/Shyfty/backend/.venv/lib/python3.9/site-packages/sqlalchemy/engine/base.py", line 146, in __init__
    self._dbapi_connection = engine.raw_connection()
  File "/Users/jackziegler/Projects/Shyfty/backend/.venv/lib/python3.9/site-packages/sqlalchemy/engine/base.py", line 3298, in raw_connection
    return self.pool.connect()
  File "/Users/jackziegler/Projects/Shyfty/backend/.venv/lib/python3.9/site-packages/sqlalchemy/pool/base.py", line 449, in connect
    return _ConnectionFairy._checkout(self)
  File "/Users/jackziegler/Projects/Shyfty/backend/.venv/lib/python3.9/site-packages/sqlalchemy/pool/base.py", line 1264, in _checkout
    fairy = _ConnectionRecord.checkout(pool)
  File "/Users/jackziegler/Projects/Shyfty/backend/.venv/lib/python3.9/site-packages/sqlalchemy/pool/base.py", line 713, in checkout
    rec = pool._do_get()
  File "/Users/jackziegler/Projects/Shyfty/backend/.venv/lib/python3.9/site-packages/sqlalchemy/pool/impl.py", line 180, in _do_get
    self._dec_overflow()
  File "/Users/jackziegler/Projects/Shyfty/backend/.venv/lib/python3.9/site-packages/sqlalchemy/util/langhelpers.py", line 146, in __exit__
    raise exc_value.with_traceback(exc_tb)
  File "/Users/jackziegler/Projects/Shyfty/backend/.venv/lib/python3.9/site-packages/sqlalchemy/pool/impl.py", line 177, in _do_get
    return self._create_connection()
  File "/Users/jackziegler/Projects/Shyfty/backend/.venv/lib/python3.9/site-packages/sqlalchemy/pool/base.py", line 390, in _create_connection
    return _ConnectionRecord(self)
  File "/Users/jackziegler/Projects/Shyfty/backend/.venv/lib/python3.9/site-packages/sqlalchemy/pool/base.py", line 675, in __init__
    self.__connect()
  File "/Users/jackziegler/Projects/Shyfty/backend/.venv/lib/python3.9/site-packages/sqlalchemy/pool/base.py", line 902, in __connect
    pool.logger.debug("Error on connect(): %s", e)
  File "/Users/jackziegler/Projects/Shyfty/backend/.venv/lib/python3.9/site-packages/sqlalchemy/util/langhelpers.py", line 146, in __exit__
    raise exc_value.with_traceback(exc_tb)
  File "/Users/jackziegler/Projects/Shyfty/backend/.venv/lib/python3.9/site-packages/sqlalchemy/pool/base.py", line 897, in __connect
    self.dbapi_connection = connection = pool._invoke_creator(self)
  File "/Users/jackziegler/Projects/Shyfty/backend/.venv/lib/python3.9/site-packages/sqlalchemy/engine/create.py", line 646, in connect
    return dialect.connect(*cargs, **cparams)
  File "/Users/jackziegler/Projects/Shyfty/backend/.venv/lib/python3.9/site-packages/sqlalchemy/engine/default.py", line 625, in connect
    return self.loaded_dbapi.connect(*cargs, **cparams)  # type: ignore[no-any-return]  # NOQA: E501
  File "/Users/jackziegler/Projects/Shyfty/backend/.venv/lib/python3.9/site-packages/psycopg/connection.py", line 117, in connect
    raise last_ex.with_traceback(None)
psycopg.OperationalError: connection failed: connection to server at "127.0.0.1", port 5432 failed: FATAL:  database "shyfty" does not exist

The above exception was the direct cause of the following exception:

Traceback (most recent call last):
  File "/Users/jackziegler/Projects/Shyfty/backend/.venv/lib/python3.9/site-packages/uvicorn/protocols/http/httptools_impl.py", line 409, in run_asgi
    result = await app(  # type: ignore[func-returns-value]
  File "/Users/jackziegler/Projects/Shyfty/backend/.venv/lib/python3.9/site-packages/uvicorn/middleware/proxy_headers.py", line 60, in __call__
    return await self.app(scope, receive, send)
  File "/Users/jackziegler/Projects/Shyfty/backend/.venv/lib/python3.9/site-packages/fastapi/applications.py", line 1054, in __call__
    await super().__call__(scope, receive, send)
  File "/Users/jackziegler/Projects/Shyfty/backend/.venv/lib/python3.9/site-packages/starlette/applications.py", line 112, in __call__
    await self.middleware_stack(scope, receive, send)
  File "/Users/jackziegler/Projects/Shyfty/backend/.venv/lib/python3.9/site-packages/starlette/middleware/errors.py", line 187, in __call__
    raise exc
  File "/Users/jackziegler/Projects/Shyfty/backend/.venv/lib/python3.9/site-packages/starlette/middleware/errors.py", line 165, in __call__
    await self.app(scope, receive, _send)
  File "/Users/jackziegler/Projects/Shyfty/backend/.venv/lib/python3.9/site-packages/starlette/middleware/cors.py", line 93, in __call__
    await self.simple_response(scope, receive, send, request_headers=headers)
  File "/Users/jackziegler/Projects/Shyfty/backend/.venv/lib/python3.9/site-packages/starlette/middleware/cors.py", line 144, in simple_response
    await self.app(scope, receive, send)
  File "/Users/jackziegler/Projects/Shyfty/backend/.venv/lib/python3.9/site-packages/starlette/middleware/exceptions.py", line 62, in __call__
    await wrap_app_handling_exceptions(self.app, conn)(scope, receive, send)
  File "/Users/jackziegler/Projects/Shyfty/backend/.venv/lib/python3.9/site-packages/starlette/_exception_handler.py", line 53, in wrapped_app
    raise exc
  File "/Users/jackziegler/Projects/Shyfty/backend/.venv/lib/python3.9/site-packages/starlette/_exception_handler.py", line 42, in wrapped_app
    await app(scope, receive, sender)
  File "/Users/jackziegler/Projects/Shyfty/backend/.venv/lib/python3.9/site-packages/starlette/routing.py", line 714, in __call__
    await self.middleware_stack(scope, receive, send)
  File "/Users/jackziegler/Projects/Shyfty/backend/.venv/lib/python3.9/site-packages/starlette/routing.py", line 734, in app
    await route.handle(scope, receive, send)
  File "/Users/jackziegler/Projects/Shyfty/backend/.venv/lib/python3.9/site-packages/starlette/routing.py", line 288, in handle
    await self.app(scope, receive, send)
  File "/Users/jackziegler/Projects/Shyfty/backend/.venv/lib/python3.9/site-packages/starlette/routing.py", line 76, in app
    await wrap_app_handling_exceptions(app, request)(scope, receive, send)
  File "/Users/jackziegler/Projects/Shyfty/backend/.venv/lib/python3.9/site-packages/starlette/_exception_handler.py", line 53, in wrapped_app
    raise exc
  File "/Users/jackziegler/Projects/Shyfty/backend/.venv/lib/python3.9/site-packages/starlette/_exception_handler.py", line 42, in wrapped_app
    await app(scope, receive, sender)
  File "/Users/jackziegler/Projects/Shyfty/backend/.venv/lib/python3.9/site-packages/starlette/routing.py", line 73, in app
    response = await f(request)
  File "/Users/jackziegler/Projects/Shyfty/backend/.venv/lib/python3.9/site-packages/fastapi/routing.py", line 301, in app
    raw_response = await run_endpoint_function(
  File "/Users/jackziegler/Projects/Shyfty/backend/.venv/lib/python3.9/site-packages/fastapi/routing.py", line 214, in run_endpoint_function
    return await run_in_threadpool(dependant.call, **values)
  File "/Users/jackziegler/Projects/Shyfty/backend/.venv/lib/python3.9/site-packages/starlette/concurrency.py", line 37, in run_in_threadpool
    return await anyio.to_thread.run_sync(func)
  File "/Users/jackziegler/Projects/Shyfty/backend/.venv/lib/python3.9/site-packages/anyio/to_thread.py", line 63, in run_sync
    return await get_async_backend().run_sync_in_worker_thread(
  File "/Users/jackziegler/Projects/Shyfty/backend/.venv/lib/python3.9/site-packages/anyio/_backends/_asyncio.py", line 2502, in run_sync_in_worker_thread
    return await future
  File "/Users/jackziegler/Projects/Shyfty/backend/.venv/lib/python3.9/site-packages/anyio/_backends/_asyncio.py", line 986, in run
    result = context.run(func, *args)
  File "/Users/jackziegler/Projects/Shyfty/backend/app/api/routes/signals.py", line 22, in get_signals
    return list_signals(
  File "/Users/jackziegler/Projects/Shyfty/backend/app/services/signal_service.py", line 77, in list_signals
    rows = db.execute(query).all()
  File "/Users/jackziegler/Projects/Shyfty/backend/.venv/lib/python3.9/site-packages/sqlalchemy/orm/session.py", line 2365, in execute
    return self._execute_internal(
  File "/Users/jackziegler/Projects/Shyfty/backend/.venv/lib/python3.9/site-packages/sqlalchemy/orm/session.py", line 2241, in _execute_internal
    conn = self._connection_for_bind(bind)
  File "/Users/jackziegler/Projects/Shyfty/backend/.venv/lib/python3.9/site-packages/sqlalchemy/orm/session.py", line 2110, in _connection_for_bind
    return trans._connection_for_bind(engine, execution_options)
  File "<string>", line 2, in _connection_for_bind
  File "/Users/jackziegler/Projects/Shyfty/backend/.venv/lib/python3.9/site-packages/sqlalchemy/orm/state_changes.py", line 139, in _go
    ret_value = fn(self, *arg, **kw)
  File "/Users/jackziegler/Projects/Shyfty/backend/.venv/lib/python3.9/site-packages/sqlalchemy/orm/session.py", line 1189, in _connection_for_bind
    conn = bind.connect()
  File "/Users/jackziegler/Projects/Shyfty/backend/.venv/lib/python3.9/site-packages/sqlalchemy/engine/base.py", line 3274, in connect
    return self._connection_cls(self)
  File "/Users/jackziegler/Projects/Shyfty/backend/.venv/lib/python3.9/site-packages/sqlalchemy/engine/base.py", line 148, in __init__
    Connection._handle_dbapi_exception_noconnection(
  File "/Users/jackziegler/Projects/Shyfty/backend/.venv/lib/python3.9/site-packages/sqlalchemy/engine/base.py", line 2439, in _handle_dbapi_exception_noconnection
    raise sqlalchemy_exception.with_traceback(exc_info[2]) from e
  File "/Users/jackziegler/Projects/Shyfty/backend/.venv/lib/python3.9/site-packages/sqlalchemy/engine/base.py", line 146, in __init__
    self._dbapi_connection = engine.raw_connection()
  File "/Users/jackziegler/Projects/Shyfty/backend/.venv/lib/python3.9/site-packages/sqlalchemy/engine/base.py", line 3298, in raw_connection
    return self.pool.connect()
  File "/Users/jackziegler/Projects/Shyfty/backend/.venv/lib/python3.9/site-packages/sqlalchemy/pool/base.py", line 449, in connect
    return _ConnectionFairy._checkout(self)
  File "/Users/jackziegler/Projects/Shyfty/backend/.venv/lib/python3.9/site-packages/sqlalchemy/pool/base.py", line 1264, in _checkout
    fairy = _ConnectionRecord.checkout(pool)
  File "/Users/jackziegler/Projects/Shyfty/backend/.venv/lib/python3.9/site-packages/sqlalchemy/pool/base.py", line 713, in checkout
    rec = pool._do_get()
  File "/Users/jackziegler/Projects/Shyfty/backend/.venv/lib/python3.9/site-packages/sqlalchemy/pool/impl.py", line 180, in _do_get
    self._dec_overflow()
  File "/Users/jackziegler/Projects/Shyfty/backend/.venv/lib/python3.9/site-packages/sqlalchemy/util/langhelpers.py", line 146, in __exit__
    raise exc_value.with_traceback(exc_tb)
  File "/Users/jackziegler/Projects/Shyfty/backend/.venv/lib/python3.9/site-packages/sqlalchemy/pool/impl.py", line 177, in _do_get
    return self._create_connection()
  File "/Users/jackziegler/Projects/Shyfty/backend/.venv/lib/python3.9/site-packages/sqlalchemy/pool/base.py", line 390, in _create_connection
    return _ConnectionRecord(self)
  File "/Users/jackziegler/Projects/Shyfty/backend/.venv/lib/python3.9/site-packages/sqlalchemy/pool/base.py", line 675, in __init__
    self.__connect()
  File "/Users/jackziegler/Projects/Shyfty/backend/.venv/lib/python3.9/site-packages/sqlalchemy/pool/base.py", line 902, in __connect
    pool.logger.debug("Error on connect(): %s", e)
  File "/Users/jackziegler/Projects/Shyfty/backend/.venv/lib/python3.9/site-packages/sqlalchemy/util/langhelpers.py", line 146, in __exit__
    raise exc_value.with_traceback(exc_tb)
  File "/Users/jackziegler/Projects/Shyfty/backend/.venv/lib/python3.9/site-packages/sqlalchemy/pool/base.py", line 897, in __connect
    self.dbapi_connection = connection = pool._invoke_creator(self)
  File "/Users/jackziegler/Projects/Shyfty/backend/.venv/lib/python3.9/site-packages/sqlalchemy/engine/create.py", line 646, in connect
    return dialect.connect(*cargs, **cparams)
  File "/Users/jackziegler/Projects/Shyfty/backend/.venv/lib/python3.9/site-packages/sqlalchemy/engine/default.py", line 625, in connect
    return self.loaded_dbapi.connect(*cargs, **cparams)  # type: ignore[no-any-return]  # NOQA: E501
  File "/Users/jackziegler/Projects/Shyfty/backend/.venv/lib/python3.9/site-packages/psycopg/connection.py", line 117, in connect
    raise last_ex.with_traceback(None)
sqlalchemy.exc.OperationalError: (psycopg.OperationalError) connection failed: connection to server at "127.0.0.1", port 5432 failed: FATAL:  database "shyfty" does not exist
(Background on this error at: https://sqlalche.me/e/20/e3q8)
INFO:     192.168.0.23:55032 - "GET /api/signals?signal_type=SPIKE&limit=50 HTTP/1.1" 500 Internal Server Error
ERROR:    Exception in ASGI application
Traceback (most recent call last):
  File "/Users/jackziegler/Projects/Shyfty/backend/.venv/lib/python3.9/site-packages/sqlalchemy/engine/base.py", line 146, in __init__
    self._dbapi_connection = engine.raw_connection()
  File "/Users/jackziegler/Projects/Shyfty/backend/.venv/lib/python3.9/site-packages/sqlalchemy/engine/base.py", line 3298, in raw_connection
    return self.pool.connect()
  File "/Users/jackziegler/Projects/Shyfty/backend/.venv/lib/python3.9/site-packages/sqlalchemy/pool/base.py", line 449, in connect
    return _ConnectionFairy._checkout(self)
  File "/Users/jackziegler/Projects/Shyfty/backend/.venv/lib/python3.9/site-packages/sqlalchemy/pool/base.py", line 1264, in _checkout
    fairy = _ConnectionRecord.checkout(pool)
  File "/Users/jackziegler/Projects/Shyfty/backend/.venv/lib/python3.9/site-packages/sqlalchemy/pool/base.py", line 713, in checkout
    rec = pool._do_get()
  File "/Users/jackziegler/Projects/Shyfty/backend/.venv/lib/python3.9/site-packages/sqlalchemy/pool/impl.py", line 180, in _do_get
    self._dec_overflow()
  File "/Users/jackziegler/Projects/Shyfty/backend/.venv/lib/python3.9/site-packages/sqlalchemy/util/langhelpers.py", line 146, in __exit__
    raise exc_value.with_traceback(exc_tb)
  File "/Users/jackziegler/Projects/Shyfty/backend/.venv/lib/python3.9/site-packages/sqlalchemy/pool/impl.py", line 177, in _do_get
    return self._create_connection()
  File "/Users/jackziegler/Projects/Shyfty/backend/.venv/lib/python3.9/site-packages/sqlalchemy/pool/base.py", line 390, in _create_connection
    return _ConnectionRecord(self)
  File "/Users/jackziegler/Projects/Shyfty/backend/.venv/lib/python3.9/site-packages/sqlalchemy/pool/base.py", line 675, in __init__
    self.__connect()
  File "/Users/jackziegler/Projects/Shyfty/backend/.venv/lib/python3.9/site-packages/sqlalchemy/pool/base.py", line 902, in __connect
    pool.logger.debug("Error on connect(): %s", e)
  File "/Users/jackziegler/Projects/Shyfty/backend/.venv/lib/python3.9/site-packages/sqlalchemy/util/langhelpers.py", line 146, in __exit__
    raise exc_value.with_traceback(exc_tb)
  File "/Users/jackziegler/Projects/Shyfty/backend/.venv/lib/python3.9/site-packages/sqlalchemy/pool/base.py", line 897, in __connect
    self.dbapi_connection = connection = pool._invoke_creator(self)
  File "/Users/jackziegler/Projects/Shyfty/backend/.venv/lib/python3.9/site-packages/sqlalchemy/engine/create.py", line 646, in connect
    return dialect.connect(*cargs, **cparams)
  File "/Users/jackziegler/Projects/Shyfty/backend/.venv/lib/python3.9/site-packages/sqlalchemy/engine/default.py", line 625, in connect
    return self.loaded_dbapi.connect(*cargs, **cparams)  # type: ignore[no-any-return]  # NOQA: E501
  File "/Users/jackziegler/Projects/Shyfty/backend/.venv/lib/python3.9/site-packages/psycopg/connection.py", line 117, in connect
    raise last_ex.with_traceback(None)
psycopg.OperationalError: connection failed: connection to server at "127.0.0.1", port 5432 failed: FATAL:  database "shyfty" does not exist

The above exception was the direct cause of the following exception:

Traceback (most recent call last):
  File "/Users/jackziegler/Projects/Shyfty/backend/.venv/lib/python3.9/site-packages/uvicorn/protocols/http/httptools_impl.py", line 409, in run_asgi
    result = await app(  # type: ignore[func-returns-value]
  File "/Users/jackziegler/Projects/Shyfty/backend/.venv/lib/python3.9/site-packages/uvicorn/middleware/proxy_headers.py", line 60, in __call__
    return await self.app(scope, receive, send)
  File "/Users/jackziegler/Projects/Shyfty/backend/.venv/lib/python3.9/site-packages/fastapi/applications.py", line 1054, in __call__
    await super().__call__(scope, receive, send)
  File "/Users/jackziegler/Projects/Shyfty/backend/.venv/lib/python3.9/site-packages/starlette/applications.py", line 112, in __call__
    await self.middleware_stack(scope, receive, send)
  File "/Users/jackziegler/Projects/Shyfty/backend/.venv/lib/python3.9/site-packages/starlette/middleware/errors.py", line 187, in __call__
    raise exc
  File "/Users/jackziegler/Projects/Shyfty/backend/.venv/lib/python3.9/site-packages/starlette/middleware/errors.py", line 165, in __call__
    await self.app(scope, receive, _send)
  File "/Users/jackziegler/Projects/Shyfty/backend/.venv/lib/python3.9/site-packages/starlette/middleware/cors.py", line 85, in __call__
    await self.app(scope, receive, send)
  File "/Users/jackziegler/Projects/Shyfty/backend/.venv/lib/python3.9/site-packages/starlette/middleware/exceptions.py", line 62, in __call__
    await wrap_app_handling_exceptions(self.app, conn)(scope, receive, send)
  File "/Users/jackziegler/Projects/Shyfty/backend/.venv/lib/python3.9/site-packages/starlette/_exception_handler.py", line 53, in wrapped_app
    raise exc
  File "/Users/jackziegler/Projects/Shyfty/backend/.venv/lib/python3.9/site-packages/starlette/_exception_handler.py", line 42, in wrapped_app
    await app(scope, receive, sender)
  File "/Users/jackziegler/Projects/Shyfty/backend/.venv/lib/python3.9/site-packages/starlette/routing.py", line 714, in __call__
    await self.middleware_stack(scope, receive, send)
  File "/Users/jackziegler/Projects/Shyfty/backend/.venv/lib/python3.9/site-packages/starlette/routing.py", line 734, in app
    await route.handle(scope, receive, send)
  File "/Users/jackziegler/Projects/Shyfty/backend/.venv/lib/python3.9/site-packages/starlette/routing.py", line 288, in handle
    await self.app(scope, receive, send)
  File "/Users/jackziegler/Projects/Shyfty/backend/.venv/lib/python3.9/site-packages/starlette/routing.py", line 76, in app
    await wrap_app_handling_exceptions(app, request)(scope, receive, send)
  File "/Users/jackziegler/Projects/Shyfty/backend/.venv/lib/python3.9/site-packages/starlette/_exception_handler.py", line 53, in wrapped_app
    raise exc
  File "/Users/jackziegler/Projects/Shyfty/backend/.venv/lib/python3.9/site-packages/starlette/_exception_handler.py", line 42, in wrapped_app
    await app(scope, receive, sender)
  File "/Users/jackziegler/Projects/Shyfty/backend/.venv/lib/python3.9/site-packages/starlette/routing.py", line 73, in app
    response = await f(request)
  File "/Users/jackziegler/Projects/Shyfty/backend/.venv/lib/python3.9/site-packages/fastapi/routing.py", line 301, in app
    raw_response = await run_endpoint_function(
  File "/Users/jackziegler/Projects/Shyfty/backend/.venv/lib/python3.9/site-packages/fastapi/routing.py", line 214, in run_endpoint_function
    return await run_in_threadpool(dependant.call, **values)
  File "/Users/jackziegler/Projects/Shyfty/backend/.venv/lib/python3.9/site-packages/starlette/concurrency.py", line 37, in run_in_threadpool
    return await anyio.to_thread.run_sync(func)
  File "/Users/jackziegler/Projects/Shyfty/backend/.venv/lib/python3.9/site-packages/anyio/to_thread.py", line 63, in run_sync
    return await get_async_backend().run_sync_in_worker_thread(
  File "/Users/jackziegler/Projects/Shyfty/backend/.venv/lib/python3.9/site-packages/anyio/_backends/_asyncio.py", line 2502, in run_sync_in_worker_thread
    return await future
  File "/Users/jackziegler/Projects/Shyfty/backend/.venv/lib/python3.9/site-packages/anyio/_backends/_asyncio.py", line 986, in run
    result = context.run(func, *args)
  File "/Users/jackziegler/Projects/Shyfty/backend/app/api/routes/signals.py", line 22, in get_signals
    return list_signals(
  File "/Users/jackziegler/Projects/Shyfty/backend/app/services/signal_service.py", line 77, in list_signals
    rows = db.execute(query).all()
  File "/Users/jackziegler/Projects/Shyfty/backend/.venv/lib/python3.9/site-packages/sqlalchemy/orm/session.py", line 2365, in execute
    return self._execute_internal(
  File "/Users/jackziegler/Projects/Shyfty/backend/.venv/lib/python3.9/site-packages/sqlalchemy/orm/session.py", line 2241, in _execute_internal
    conn = self._connection_for_bind(bind)
  File "/Users/jackziegler/Projects/Shyfty/backend/.venv/lib/python3.9/site-packages/sqlalchemy/orm/session.py", line 2110, in _connection_for_bind
    return trans._connection_for_bind(engine, execution_options)
  File "<string>", line 2, in _connection_for_bind
  File "/Users/jackziegler/Projects/Shyfty/backend/.venv/lib/python3.9/site-packages/sqlalchemy/orm/state_changes.py", line 139, in _go
    ret_value = fn(self, *arg, **kw)
  File "/Users/jackziegler/Projects/Shyfty/backend/.venv/lib/python3.9/site-packages/sqlalchemy/orm/session.py", line 1189, in _connection_for_bind
    conn = bind.connect()
  File "/Users/jackziegler/Projects/Shyfty/backend/.venv/lib/python3.9/site-packages/sqlalchemy/engine/base.py", line 3274, in connect
    return self._connection_cls(self)
  File "/Users/jackziegler/Projects/Shyfty/backend/.venv/lib/python3.9/site-packages/sqlalchemy/engine/base.py", line 148, in __init__
    Connection._handle_dbapi_exception_noconnection(
  File "/Users/jackziegler/Projects/Shyfty/backend/.venv/lib/python3.9/site-packages/sqlalchemy/engine/base.py", line 2439, in _handle_dbapi_exception_noconnection
    raise sqlalchemy_exception.with_traceback(exc_info[2]) from e
  File "/Users/jackziegler/Projects/Shyfty/backend/.venv/lib/python3.9/site-packages/sqlalchemy/engine/base.py", line 146, in __init__
    self._dbapi_connection = engine.raw_connection()
  File "/Users/jackziegler/Projects/Shyfty/backend/.venv/lib/python3.9/site-packages/sqlalchemy/engine/base.py", line 3298, in raw_connection
    return self.pool.connect()
  File "/Users/jackziegler/Projects/Shyfty/backend/.venv/lib/python3.9/site-packages/sqlalchemy/pool/base.py", line 449, in connect
    return _ConnectionFairy._checkout(self)
  File "/Users/jackziegler/Projects/Shyfty/backend/.venv/lib/python3.9/site-packages/sqlalchemy/pool/base.py", line 1264, in _checkout
    fairy = _ConnectionRecord.checkout(pool)
  File "/Users/jackziegler/Projects/Shyfty/backend/.venv/lib/python3.9/site-packages/sqlalchemy/pool/base.py", line 713, in checkout
    rec = pool._do_get()
  File "/Users/jackziegler/Projects/Shyfty/backend/.venv/lib/python3.9/site-packages/sqlalchemy/pool/impl.py", line 180, in _do_get
    self._dec_overflow()
  File "/Users/jackziegler/Projects/Shyfty/backend/.venv/lib/python3.9/site-packages/sqlalchemy/util/langhelpers.py", line 146, in __exit__
    raise exc_value.with_traceback(exc_tb)
  File "/Users/jackziegler/Projects/Shyfty/backend/.venv/lib/python3.9/site-packages/sqlalchemy/pool/impl.py", line 177, in _do_get
    return self._create_connection()
  File "/Users/jackziegler/Projects/Shyfty/backend/.venv/lib/python3.9/site-packages/sqlalchemy/pool/base.py", line 390, in _create_connection
    return _ConnectionRecord(self)
  File "/Users/jackziegler/Projects/Shyfty/backend/.venv/lib/python3.9/site-packages/sqlalchemy/pool/base.py", line 675, in __init__
    self.__connect()
  File "/Users/jackziegler/Projects/Shyfty/backend/.venv/lib/python3.9/site-packages/sqlalchemy/pool/base.py", line 902, in __connect
    pool.logger.debug("Error on connect(): %s", e)
  File "/Users/jackziegler/Projects/Shyfty/backend/.venv/lib/python3.9/site-packages/sqlalchemy/util/langhelpers.py", line 146, in __exit__
    raise exc_value.with_traceback(exc_tb)
  File "/Users/jackziegler/Projects/Shyfty/backend/.venv/lib/python3.9/site-packages/sqlalchemy/pool/base.py", line 897, in __connect
    self.dbapi_connection = connection = pool._invoke_creator(self)
  File "/Users/jackziegler/Projects/Shyfty/backend/.venv/lib/python3.9/site-packages/sqlalchemy/engine/create.py", line 646, in connect
    return dialect.connect(*cargs, **cparams)
  File "/Users/jackziegler/Projects/Shyfty/backend/.venv/lib/python3.9/site-packages/sqlalchemy/engine/default.py", line 625, in connect
    return self.loaded_dbapi.connect(*cargs, **cparams)  # type: ignore[no-any-return]  # NOQA: E501
  File "/Users/jackziegler/Projects/Shyfty/backend/.venv/lib/python3.9/site-packages/psycopg/connection.py", line 117, in connect
    raise last_ex.with_traceback(None)
sqlalchemy.exc.OperationalError: (psycopg.OperationalError) connection failed: connection to server at "127.0.0.1", port 5432 failed: FATAL:  database "shyfty" does not exist
(Background on this error at: https://sqlalche.me/e/20/e3q8)
INFO:     192.168.0.23:55033 - "GET /api/signals?limit=50 HTTP/1.1" 500 Internal Server Error
ERROR:    Exception in ASGI application
Traceback (most recent call last):
  File "/Users/jackziegler/Projects/Shyfty/backend/.venv/lib/python3.9/site-packages/sqlalchemy/engine/base.py", line 146, in __init__
    self._dbapi_connection = engine.raw_connection()
  File "/Users/jackziegler/Projects/Shyfty/backend/.venv/lib/python3.9/site-packages/sqlalchemy/engine/base.py", line 3298, in raw_connection
    return self.pool.connect()
  File "/Users/jackziegler/Projects/Shyfty/backend/.venv/lib/python3.9/site-packages/sqlalchemy/pool/base.py", line 449, in connect
    return _ConnectionFairy._checkout(self)
  File "/Users/jackziegler/Projects/Shyfty/backend/.venv/lib/python3.9/site-packages/sqlalchemy/pool/base.py", line 1264, in _checkout
    fairy = _ConnectionRecord.checkout(pool)
  File "/Users/jackziegler/Projects/Shyfty/backend/.venv/lib/python3.9/site-packages/sqlalchemy/pool/base.py", line 713, in checkout
    rec = pool._do_get()
  File "/Users/jackziegler/Projects/Shyfty/backend/.venv/lib/python3.9/site-packages/sqlalchemy/pool/impl.py", line 180, in _do_get
    self._dec_overflow()
  File "/Users/jackziegler/Projects/Shyfty/backend/.venv/lib/python3.9/site-packages/sqlalchemy/util/langhelpers.py", line 146, in __exit__
    raise exc_value.with_traceback(exc_tb)
  File "/Users/jackziegler/Projects/Shyfty/backend/.venv/lib/python3.9/site-packages/sqlalchemy/pool/impl.py", line 177, in _do_get
    return self._create_connection()
  File "/Users/jackziegler/Projects/Shyfty/backend/.venv/lib/python3.9/site-packages/sqlalchemy/pool/base.py", line 390, in _create_connection
    return _ConnectionRecord(self)
  File "/Users/jackziegler/Projects/Shyfty/backend/.venv/lib/python3.9/site-packages/sqlalchemy/pool/base.py", line 675, in __init__
    self.__connect()
  File "/Users/jackziegler/Projects/Shyfty/backend/.venv/lib/python3.9/site-packages/sqlalchemy/pool/base.py", line 902, in __connect
    pool.logger.debug("Error on connect(): %s", e)
  File "/Users/jackziegler/Projects/Shyfty/backend/.venv/lib/python3.9/site-packages/sqlalchemy/util/langhelpers.py", line 146, in __exit__
    raise exc_value.with_traceback(exc_tb)
  File "/Users/jackziegler/Projects/Shyfty/backend/.venv/lib/python3.9/site-packages/sqlalchemy/pool/base.py", line 897, in __connect
    self.dbapi_connection = connection = pool._invoke_creator(self)
  File "/Users/jackziegler/Projects/Shyfty/backend/.venv/lib/python3.9/site-packages/sqlalchemy/engine/create.py", line 646, in connect
    return dialect.connect(*cargs, **cparams)
  File "/Users/jackziegler/Projects/Shyfty/backend/.venv/lib/python3.9/site-packages/sqlalchemy/engine/default.py", line 625, in connect
    return self.loaded_dbapi.connect(*cargs, **cparams)  # type: ignore[no-any-return]  # NOQA: E501
  File "/Users/jackziegler/Projects/Shyfty/backend/.venv/lib/python3.9/site-packages/psycopg/connection.py", line 117, in connect
    raise last_ex.with_traceback(None)
psycopg.OperationalError: connection failed: connection to server at "127.0.0.1", port 5432 failed: FATAL:  database "shyfty" does not exist

The above exception was the direct cause of the following exception:

Traceback (most recent call last):
  File "/Users/jackziegler/Projects/Shyfty/backend/.venv/lib/python3.9/site-packages/uvicorn/protocols/http/httptools_impl.py", line 409, in run_asgi
    result = await app(  # type: ignore[func-returns-value]
  File "/Users/jackziegler/Projects/Shyfty/backend/.venv/lib/python3.9/site-packages/uvicorn/middleware/proxy_headers.py", line 60, in __call__
    return await self.app(scope, receive, send)
  File "/Users/jackziegler/Projects/Shyfty/backend/.venv/lib/python3.9/site-packages/fastapi/applications.py", line 1054, in __call__
    await super().__call__(scope, receive, send)
  File "/Users/jackziegler/Projects/Shyfty/backend/.venv/lib/python3.9/site-packages/starlette/applications.py", line 112, in __call__
    await self.middleware_stack(scope, receive, send)
  File "/Users/jackziegler/Projects/Shyfty/backend/.venv/lib/python3.9/site-packages/starlette/middleware/errors.py", line 187, in __call__
    raise exc
  File "/Users/jackziegler/Projects/Shyfty/backend/.venv/lib/python3.9/site-packages/starlette/middleware/errors.py", line 165, in __call__
    await self.app(scope, receive, _send)
  File "/Users/jackziegler/Projects/Shyfty/backend/.venv/lib/python3.9/site-packages/starlette/middleware/cors.py", line 85, in __call__
    await self.app(scope, receive, send)
  File "/Users/jackziegler/Projects/Shyfty/backend/.venv/lib/python3.9/site-packages/starlette/middleware/exceptions.py", line 62, in __call__
    await wrap_app_handling_exceptions(self.app, conn)(scope, receive, send)
  File "/Users/jackziegler/Projects/Shyfty/backend/.venv/lib/python3.9/site-packages/starlette/_exception_handler.py", line 53, in wrapped_app
    raise exc
  File "/Users/jackziegler/Projects/Shyfty/backend/.venv/lib/python3.9/site-packages/starlette/_exception_handler.py", line 42, in wrapped_app
    await app(scope, receive, sender)
  File "/Users/jackziegler/Projects/Shyfty/backend/.venv/lib/python3.9/site-packages/starlette/routing.py", line 714, in __call__
    await self.middleware_stack(scope, receive, send)
  File "/Users/jackziegler/Projects/Shyfty/backend/.venv/lib/python3.9/site-packages/starlette/routing.py", line 734, in app
    await route.handle(scope, receive, send)
  File "/Users/jackziegler/Projects/Shyfty/backend/.venv/lib/python3.9/site-packages/starlette/routing.py", line 288, in handle
    await self.app(scope, receive, send)
  File "/Users/jackziegler/Projects/Shyfty/backend/.venv/lib/python3.9/site-packages/starlette/routing.py", line 76, in app
    await wrap_app_handling_exceptions(app, request)(scope, receive, send)
  File "/Users/jackziegler/Projects/Shyfty/backend/.venv/lib/python3.9/site-packages/starlette/_exception_handler.py", line 53, in wrapped_app
    raise exc
  File "/Users/jackziegler/Projects/Shyfty/backend/.venv/lib/python3.9/site-packages/starlette/_exception_handler.py", line 42, in wrapped_app
    await app(scope, receive, sender)
  File "/Users/jackziegler/Projects/Shyfty/backend/.venv/lib/python3.9/site-packages/starlette/routing.py", line 73, in app
    response = await f(request)
  File "/Users/jackziegler/Projects/Shyfty/backend/.venv/lib/python3.9/site-packages/fastapi/routing.py", line 301, in app
    raw_response = await run_endpoint_function(
  File "/Users/jackziegler/Projects/Shyfty/backend/.venv/lib/python3.9/site-packages/fastapi/routing.py", line 214, in run_endpoint_function
    return await run_in_threadpool(dependant.call, **values)
  File "/Users/jackziegler/Projects/Shyfty/backend/.venv/lib/python3.9/site-packages/starlette/concurrency.py", line 37, in run_in_threadpool
    return await anyio.to_thread.run_sync(func)
  File "/Users/jackziegler/Projects/Shyfty/backend/.venv/lib/python3.9/site-packages/anyio/to_thread.py", line 63, in run_sync
    return await get_async_backend().run_sync_in_worker_thread(
  File "/Users/jackziegler/Projects/Shyfty/backend/.venv/lib/python3.9/site-packages/anyio/_backends/_asyncio.py", line 2502, in run_sync_in_worker_thread
    return await future
  File "/Users/jackziegler/Projects/Shyfty/backend/.venv/lib/python3.9/site-packages/anyio/_backends/_asyncio.py", line 986, in run
    result = context.run(func, *args)
  File "/Users/jackziegler/Projects/Shyfty/backend/app/api/routes/signals.py", line 22, in get_signals
    return list_signals(
  File "/Users/jackziegler/Projects/Shyfty/backend/app/services/signal_service.py", line 77, in list_signals
    rows = db.execute(query).all()
  File "/Users/jackziegler/Projects/Shyfty/backend/.venv/lib/python3.9/site-packages/sqlalchemy/orm/session.py", line 2365, in execute
    return self._execute_internal(
  File "/Users/jackziegler/Projects/Shyfty/backend/.venv/lib/python3.9/site-packages/sqlalchemy/orm/session.py", line 2241, in _execute_internal
    conn = self._connection_for_bind(bind)
  File "/Users/jackziegler/Projects/Shyfty/backend/.venv/lib/python3.9/site-packages/sqlalchemy/orm/session.py", line 2110, in _connection_for_bind
    return trans._connection_for_bind(engine, execution_options)
  File "<string>", line 2, in _connection_for_bind
  File "/Users/jackziegler/Projects/Shyfty/backend/.venv/lib/python3.9/site-packages/sqlalchemy/orm/state_changes.py", line 139, in _go
    ret_value = fn(self, *arg, **kw)
  File "/Users/jackziegler/Projects/Shyfty/backend/.venv/lib/python3.9/site-packages/sqlalchemy/orm/session.py", line 1189, in _connection_for_bind
    conn = bind.connect()
  File "/Users/jackziegler/Projects/Shyfty/backend/.venv/lib/python3.9/site-packages/sqlalchemy/engine/base.py", line 3274, in connect
    return self._connection_cls(self)
  File "/Users/jackziegler/Projects/Shyfty/backend/.venv/lib/python3.9/site-packages/sqlalchemy/engine/base.py", line 148, in __init__
    Connection._handle_dbapi_exception_noconnection(
  File "/Users/jackziegler/Projects/Shyfty/backend/.venv/lib/python3.9/site-packages/sqlalchemy/engine/base.py", line 2439, in _handle_dbapi_exception_noconnection
    raise sqlalchemy_exception.with_traceback(exc_info[2]) from e
  File "/Users/jackziegler/Projects/Shyfty/backend/.venv/lib/python3.9/site-packages/sqlalchemy/engine/base.py", line 146, in __init__
    self._dbapi_connection = engine.raw_connection()
  File "/Users/jackziegler/Projects/Shyfty/backend/.venv/lib/python3.9/site-packages/sqlalchemy/engine/base.py", line 3298, in raw_connection
    return self.pool.connect()
  File "/Users/jackziegler/Projects/Shyfty/backend/.venv/lib/python3.9/site-packages/sqlalchemy/pool/base.py", line 449, in connect
    return _ConnectionFairy._checkout(self)
  File "/Users/jackziegler/Projects/Shyfty/backend/.venv/lib/python3.9/site-packages/sqlalchemy/pool/base.py", line 1264, in _checkout
    fairy = _ConnectionRecord.checkout(pool)
  File "/Users/jackziegler/Projects/Shyfty/backend/.venv/lib/python3.9/site-packages/sqlalchemy/pool/base.py", line 713, in checkout
    rec = pool._do_get()
  File "/Users/jackziegler/Projects/Shyfty/backend/.venv/lib/python3.9/site-packages/sqlalchemy/pool/impl.py", line 180, in _do_get
    self._dec_overflow()
  File "/Users/jackziegler/Projects/Shyfty/backend/.venv/lib/python3.9/site-packages/sqlalchemy/util/langhelpers.py", line 146, in __exit__
    raise exc_value.with_traceback(exc_tb)
  File "/Users/jackziegler/Projects/Shyfty/backend/.venv/lib/python3.9/site-packages/sqlalchemy/pool/impl.py", line 177, in _do_get
    return self._create_connection()
  File "/Users/jackziegler/Projects/Shyfty/backend/.venv/lib/python3.9/site-packages/sqlalchemy/pool/base.py", line 390, in _create_connection
    return _ConnectionRecord(self)
  File "/Users/jackziegler/Projects/Shyfty/backend/.venv/lib/python3.9/site-packages/sqlalchemy/pool/base.py", line 675, in __init__
    self.__connect()
  File "/Users/jackziegler/Projects/Shyfty/backend/.venv/lib/python3.9/site-packages/sqlalchemy/pool/base.py", line 902, in __connect
    pool.logger.debug("Error on connect(): %s", e)
  File "/Users/jackziegler/Projects/Shyfty/backend/.venv/lib/python3.9/site-packages/sqlalchemy/util/langhelpers.py", line 146, in __exit__
    raise exc_value.with_traceback(exc_tb)
  File "/Users/jackziegler/Projects/Shyfty/backend/.venv/lib/python3.9/site-packages/sqlalchemy/pool/base.py", line 897, in __connect
    self.dbapi_connection = connection = pool._invoke_creator(self)
  File "/Users/jackziegler/Projects/Shyfty/backend/.venv/lib/python3.9/site-packages/sqlalchemy/engine/create.py", line 646, in connect
    return dialect.connect(*cargs, **cparams)
  File "/Users/jackziegler/Projects/Shyfty/backend/.venv/lib/python3.9/site-packages/sqlalchemy/engine/default.py", line 625, in connect
    return self.loaded_dbapi.connect(*cargs, **cparams)  # type: ignore[no-any-return]  # NOQA: E501
  File "/Users/jackziegler/Projects/Shyfty/backend/.venv/lib/python3.9/site-packages/psycopg/connection.py", line 117, in connect
    raise last_ex.with_traceback(None)
sqlalchemy.exc.OperationalError: (psycopg.OperationalError) connection failed: connection to server at "127.0.0.1", port 5432 failed: FATAL:  database "shyfty" does not exist
(Background on this error at: https://sqlalche.me/e/20/e3q8)
INFO:     192.168.0.23:55034 - "GET /api/signals?signal_type=SPIKE&limit=50 HTTP/1.1" 500 Internal Server Error
ERROR:    Exception in ASGI application
Traceback (most recent call last):
  File "/Users/jackziegler/Projects/Shyfty/backend/.venv/lib/python3.9/site-packages/sqlalchemy/engine/base.py", line 146, in __init__
    self._dbapi_connection = engine.raw_connection()
  File "/Users/jackziegler/Projects/Shyfty/backend/.venv/lib/python3.9/site-packages/sqlalchemy/engine/base.py", line 3298, in raw_connection
    return self.pool.connect()
  File "/Users/jackziegler/Projects/Shyfty/backend/.venv/lib/python3.9/site-packages/sqlalchemy/pool/base.py", line 449, in connect
    return _ConnectionFairy._checkout(self)
  File "/Users/jackziegler/Projects/Shyfty/backend/.venv/lib/python3.9/site-packages/sqlalchemy/pool/base.py", line 1264, in _checkout
    fairy = _ConnectionRecord.checkout(pool)
  File "/Users/jackziegler/Projects/Shyfty/backend/.venv/lib/python3.9/site-packages/sqlalchemy/pool/base.py", line 713, in checkout
    rec = pool._do_get()
  File "/Users/jackziegler/Projects/Shyfty/backend/.venv/lib/python3.9/site-packages/sqlalchemy/pool/impl.py", line 180, in _do_get
    self._dec_overflow()
  File "/Users/jackziegler/Projects/Shyfty/backend/.venv/lib/python3.9/site-packages/sqlalchemy/util/langhelpers.py", line 146, in __exit__
    raise exc_value.with_traceback(exc_tb)
  File "/Users/jackziegler/Projects/Shyfty/backend/.venv/lib/python3.9/site-packages/sqlalchemy/pool/impl.py", line 177, in _do_get
    return self._create_connection()
  File "/Users/jackziegler/Projects/Shyfty/backend/.venv/lib/python3.9/site-packages/sqlalchemy/pool/base.py", line 390, in _create_connection
    return _ConnectionRecord(self)
  File "/Users/jackziegler/Projects/Shyfty/backend/.venv/lib/python3.9/site-packages/sqlalchemy/pool/base.py", line 675, in __init__
    self.__connect()
  File "/Users/jackziegler/Projects/Shyfty/backend/.venv/lib/python3.9/site-packages/sqlalchemy/pool/base.py", line 902, in __connect
    pool.logger.debug("Error on connect(): %s", e)
  File "/Users/jackziegler/Projects/Shyfty/backend/.venv/lib/python3.9/site-packages/sqlalchemy/util/langhelpers.py", line 146, in __exit__
    raise exc_value.with_traceback(exc_tb)
  File "/Users/jackziegler/Projects/Shyfty/backend/.venv/lib/python3.9/site-packages/sqlalchemy/pool/base.py", line 897, in __connect
    self.dbapi_connection = connection = pool._invoke_creator(self)
  File "/Users/jackziegler/Projects/Shyfty/backend/.venv/lib/python3.9/site-packages/sqlalchemy/engine/create.py", line 646, in connect
    return dialect.connect(*cargs, **cparams)
  File "/Users/jackziegler/Projects/Shyfty/backend/.venv/lib/python3.9/site-packages/sqlalchemy/engine/default.py", line 625, in connect
    return self.loaded_dbapi.connect(*cargs, **cparams)  # type: ignore[no-any-return]  # NOQA: E501
  File "/Users/jackziegler/Projects/Shyfty/backend/.venv/lib/python3.9/site-packages/psycopg/connection.py", line 117, in connect
    raise last_ex.with_traceback(None)
psycopg.OperationalError: connection failed: connection to server at "127.0.0.1", port 5432 failed: FATAL:  database "shyfty" does not exist

The above exception was the direct cause of the following exception:

Traceback (most recent call last):
  File "/Users/jackziegler/Projects/Shyfty/backend/.venv/lib/python3.9/site-packages/uvicorn/protocols/http/httptools_impl.py", line 409, in run_asgi
    result = await app(  # type: ignore[func-returns-value]
  File "/Users/jackziegler/Projects/Shyfty/backend/.venv/lib/python3.9/site-packages/uvicorn/middleware/proxy_headers.py", line 60, in __call__
    return await self.app(scope, receive, send)
  File "/Users/jackziegler/Projects/Shyfty/backend/.venv/lib/python3.9/site-packages/fastapi/applications.py", line 1054, in __call__
    await super().__call__(scope, receive, send)
  File "/Users/jackziegler/Projects/Shyfty/backend/.venv/lib/python3.9/site-packages/starlette/applications.py", line 112, in __call__
    await self.middleware_stack(scope, receive, send)
  File "/Users/jackziegler/Projects/Shyfty/backend/.venv/lib/python3.9/site-packages/starlette/middleware/errors.py", line 187, in __call__
    raise exc
  File "/Users/jackziegler/Projects/Shyfty/backend/.venv/lib/python3.9/site-packages/starlette/middleware/errors.py", line 165, in __call__
    await self.app(scope, receive, _send)
  File "/Users/jackziegler/Projects/Shyfty/backend/.venv/lib/python3.9/site-packages/starlette/middleware/cors.py", line 85, in __call__
    await self.app(scope, receive, send)
  File "/Users/jackziegler/Projects/Shyfty/backend/.venv/lib/python3.9/site-packages/starlette/middleware/exceptions.py", line 62, in __call__
    await wrap_app_handling_exceptions(self.app, conn)(scope, receive, send)
  File "/Users/jackziegler/Projects/Shyfty/backend/.venv/lib/python3.9/site-packages/starlette/_exception_handler.py", line 53, in wrapped_app
    raise exc
  File "/Users/jackziegler/Projects/Shyfty/backend/.venv/lib/python3.9/site-packages/starlette/_exception_handler.py", line 42, in wrapped_app
    await app(scope, receive, sender)
  File "/Users/jackziegler/Projects/Shyfty/backend/.venv/lib/python3.9/site-packages/starlette/routing.py", line 714, in __call__
    await self.middleware_stack(scope, receive, send)
  File "/Users/jackziegler/Projects/Shyfty/backend/.venv/lib/python3.9/site-packages/starlette/routing.py", line 734, in app
    await route.handle(scope, receive, send)
  File "/Users/jackziegler/Projects/Shyfty/backend/.venv/lib/python3.9/site-packages/starlette/routing.py", line 288, in handle
    await self.app(scope, receive, send)
  File "/Users/jackziegler/Projects/Shyfty/backend/.venv/lib/python3.9/site-packages/starlette/routing.py", line 76, in app
    await wrap_app_handling_exceptions(app, request)(scope, receive, send)
  File "/Users/jackziegler/Projects/Shyfty/backend/.venv/lib/python3.9/site-packages/starlette/_exception_handler.py", line 53, in wrapped_app
    raise exc
  File "/Users/jackziegler/Projects/Shyfty/backend/.venv/lib/python3.9/site-packages/starlette/_exception_handler.py", line 42, in wrapped_app
    await app(scope, receive, sender)
  File "/Users/jackziegler/Projects/Shyfty/backend/.venv/lib/python3.9/site-packages/starlette/routing.py", line 73, in app
    response = await f(request)
  File "/Users/jackziegler/Projects/Shyfty/backend/.venv/lib/python3.9/site-packages/fastapi/routing.py", line 301, in app
    raw_response = await run_endpoint_function(
  File "/Users/jackziegler/Projects/Shyfty/backend/.venv/lib/python3.9/site-packages/fastapi/routing.py", line 214, in run_endpoint_function
    return await run_in_threadpool(dependant.call, **values)
  File "/Users/jackziegler/Projects/Shyfty/backend/.venv/lib/python3.9/site-packages/starlette/concurrency.py", line 37, in run_in_threadpool
    return await anyio.to_thread.run_sync(func)
  File "/Users/jackziegler/Projects/Shyfty/backend/.venv/lib/python3.9/site-packages/anyio/to_thread.py", line 63, in run_sync
    return await get_async_backend().run_sync_in_worker_thread(
  File "/Users/jackziegler/Projects/Shyfty/backend/.venv/lib/python3.9/site-packages/anyio/_backends/_asyncio.py", line 2502, in run_sync_in_worker_thread
    return await future
  File "/Users/jackziegler/Projects/Shyfty/backend/.venv/lib/python3.9/site-packages/anyio/_backends/_asyncio.py", line 986, in run
    result = context.run(func, *args)
  File "/Users/jackziegler/Projects/Shyfty/backend/app/api/routes/signals.py", line 22, in get_signals
    return list_signals(
  File "/Users/jackziegler/Projects/Shyfty/backend/app/services/signal_service.py", line 77, in list_signals
    rows = db.execute(query).all()
  File "/Users/jackziegler/Projects/Shyfty/backend/.venv/lib/python3.9/site-packages/sqlalchemy/orm/session.py", line 2365, in execute
    return self._execute_internal(
  File "/Users/jackziegler/Projects/Shyfty/backend/.venv/lib/python3.9/site-packages/sqlalchemy/orm/session.py", line 2241, in _execute_internal
    conn = self._connection_for_bind(bind)
  File "/Users/jackziegler/Projects/Shyfty/backend/.venv/lib/python3.9/site-packages/sqlalchemy/orm/session.py", line 2110, in _connection_for_bind
    return trans._connection_for_bind(engine, execution_options)
  File "<string>", line 2, in _connection_for_bind
  File "/Users/jackziegler/Projects/Shyfty/backend/.venv/lib/python3.9/site-packages/sqlalchemy/orm/state_changes.py", line 139, in _go
    ret_value = fn(self, *arg, **kw)
  File "/Users/jackziegler/Projects/Shyfty/backend/.venv/lib/python3.9/site-packages/sqlalchemy/orm/session.py", line 1189, in _connection_for_bind
    conn = bind.connect()
  File "/Users/jackziegler/Projects/Shyfty/backend/.venv/lib/python3.9/site-packages/sqlalchemy/engine/base.py", line 3274, in connect
    return self._connection_cls(self)
  File "/Users/jackziegler/Projects/Shyfty/backend/.venv/lib/python3.9/site-packages/sqlalchemy/engine/base.py", line 148, in __init__
    Connection._handle_dbapi_exception_noconnection(
  File "/Users/jackziegler/Projects/Shyfty/backend/.venv/lib/python3.9/site-packages/sqlalchemy/engine/base.py", line 2439, in _handle_dbapi_exception_noconnection
    raise sqlalchemy_exception.with_traceback(exc_info[2]) from e
  File "/Users/jackziegler/Projects/Shyfty/backend/.venv/lib/python3.9/site-packages/sqlalchemy/engine/base.py", line 146, in __init__
    self._dbapi_connection = engine.raw_connection()
  File "/Users/jackziegler/Projects/Shyfty/backend/.venv/lib/python3.9/site-packages/sqlalchemy/engine/base.py", line 3298, in raw_connection
    return self.pool.connect()
  File "/Users/jackziegler/Projects/Shyfty/backend/.venv/lib/python3.9/site-packages/sqlalchemy/pool/base.py", line 449, in connect
    return _ConnectionFairy._checkout(self)
  File "/Users/jackziegler/Projects/Shyfty/backend/.venv/lib/python3.9/site-packages/sqlalchemy/pool/base.py", line 1264, in _checkout
    fairy = _ConnectionRecord.checkout(pool)
  File "/Users/jackziegler/Projects/Shyfty/backend/.venv/lib/python3.9/site-packages/sqlalchemy/pool/base.py", line 713, in checkout
    rec = pool._do_get()
  File "/Users/jackziegler/Projects/Shyfty/backend/.venv/lib/python3.9/site-packages/sqlalchemy/pool/impl.py", line 180, in _do_get
    self._dec_overflow()
  File "/Users/jackziegler/Projects/Shyfty/backend/.venv/lib/python3.9/site-packages/sqlalchemy/util/langhelpers.py", line 146, in __exit__
    raise exc_value.with_traceback(exc_tb)
  File "/Users/jackziegler/Projects/Shyfty/backend/.venv/lib/python3.9/site-packages/sqlalchemy/pool/impl.py", line 177, in _do_get
    return self._create_connection()
  File "/Users/jackziegler/Projects/Shyfty/backend/.venv/lib/python3.9/site-packages/sqlalchemy/pool/base.py", line 390, in _create_connection
    return _ConnectionRecord(self)
  File "/Users/jackziegler/Projects/Shyfty/backend/.venv/lib/python3.9/site-packages/sqlalchemy/pool/base.py", line 675, in __init__
    self.__connect()
  File "/Users/jackziegler/Projects/Shyfty/backend/.venv/lib/python3.9/site-packages/sqlalchemy/pool/base.py", line 902, in __connect
    pool.logger.debug("Error on connect(): %s", e)
  File "/Users/jackziegler/Projects/Shyfty/backend/.venv/lib/python3.9/site-packages/sqlalchemy/util/langhelpers.py", line 146, in __exit__
    raise exc_value.with_traceback(exc_tb)
  File "/Users/jackziegler/Projects/Shyfty/backend/.venv/lib/python3.9/site-packages/sqlalchemy/pool/base.py", line 897, in __connect
    self.dbapi_connection = connection = pool._invoke_creator(self)
  File "/Users/jackziegler/Projects/Shyfty/backend/.venv/lib/python3.9/site-packages/sqlalchemy/engine/create.py", line 646, in connect
    return dialect.connect(*cargs, **cparams)
  File "/Users/jackziegler/Projects/Shyfty/backend/.venv/lib/python3.9/site-packages/sqlalchemy/engine/default.py", line 625, in connect
    return self.loaded_dbapi.connect(*cargs, **cparams)  # type: ignore[no-any-return]  # NOQA: E501
  File "/Users/jackziegler/Projects/Shyfty/backend/.venv/lib/python3.9/site-packages/psycopg/connection.py", line 117, in connect
    raise last_ex.with_traceback(None)
sqlalchemy.exc.OperationalError: (psycopg.OperationalError) connection failed: connection to server at "127.0.0.1", port 5432 failed: FATAL:  database "shyfty" does not exist
(Background on this error at: https://sqlalche.me/e/20/e3q8)
INFO:     192.168.0.23:55035 - "GET /api/signals?limit=50 HTTP/1.1" 500 Internal Server Error
ERROR:    Exception in ASGI application
Traceback (most recent call last):
  File "/Users/jackziegler/Projects/Shyfty/backend/.venv/lib/python3.9/site-packages/sqlalchemy/engine/base.py", line 146, in __init__
    self._dbapi_connection = engine.raw_connection()
  File "/Users/jackziegler/Projects/Shyfty/backend/.venv/lib/python3.9/site-packages/sqlalchemy/engine/base.py", line 3298, in raw_connection
    return self.pool.connect()
  File "/Users/jackziegler/Projects/Shyfty/backend/.venv/lib/python3.9/site-packages/sqlalchemy/pool/base.py", line 449, in connect
    return _ConnectionFairy._checkout(self)
  File "/Users/jackziegler/Projects/Shyfty/backend/.venv/lib/python3.9/site-packages/sqlalchemy/pool/base.py", line 1264, in _checkout
    fairy = _ConnectionRecord.checkout(pool)
  File "/Users/jackziegler/Projects/Shyfty/backend/.venv/lib/python3.9/site-packages/sqlalchemy/pool/base.py", line 713, in checkout
    rec = pool._do_get()
  File "/Users/jackziegler/Projects/Shyfty/backend/.venv/lib/python3.9/site-packages/sqlalchemy/pool/impl.py", line 180, in _do_get
    self._dec_overflow()
  File "/Users/jackziegler/Projects/Shyfty/backend/.venv/lib/python3.9/site-packages/sqlalchemy/util/langhelpers.py", line 146, in __exit__
    raise exc_value.with_traceback(exc_tb)
  File "/Users/jackziegler/Projects/Shyfty/backend/.venv/lib/python3.9/site-packages/sqlalchemy/pool/impl.py", line 177, in _do_get
    return self._create_connection()
  File "/Users/jackziegler/Projects/Shyfty/backend/.venv/lib/python3.9/site-packages/sqlalchemy/pool/base.py", line 390, in _create_connection
    return _ConnectionRecord(self)
  File "/Users/jackziegler/Projects/Shyfty/backend/.venv/lib/python3.9/site-packages/sqlalchemy/pool/base.py", line 675, in __init__
    self.__connect()
  File "/Users/jackziegler/Projects/Shyfty/backend/.venv/lib/python3.9/site-packages/sqlalchemy/pool/base.py", line 902, in __connect
    pool.logger.debug("Error on connect(): %s", e)
  File "/Users/jackziegler/Projects/Shyfty/backend/.venv/lib/python3.9/site-packages/sqlalchemy/util/langhelpers.py", line 146, in __exit__
    raise exc_value.with_traceback(exc_tb)
  File "/Users/jackziegler/Projects/Shyfty/backend/.venv/lib/python3.9/site-packages/sqlalchemy/pool/base.py", line 897, in __connect
    self.dbapi_connection = connection = pool._invoke_creator(self)
  File "/Users/jackziegler/Projects/Shyfty/backend/.venv/lib/python3.9/site-packages/sqlalchemy/engine/create.py", line 646, in connect
    return dialect.connect(*cargs, **cparams)
  File "/Users/jackziegler/Projects/Shyfty/backend/.venv/lib/python3.9/site-packages/sqlalchemy/engine/default.py", line 625, in connect
    return self.loaded_dbapi.connect(*cargs, **cparams)  # type: ignore[no-any-return]  # NOQA: E501
  File "/Users/jackziegler/Projects/Shyfty/backend/.venv/lib/python3.9/site-packages/psycopg/connection.py", line 117, in connect
    raise last_ex.with_traceback(None)
psycopg.OperationalError: connection failed: connection to server at "127.0.0.1", port 5432 failed: FATAL:  database "shyfty" does not exist

The above exception was the direct cause of the following exception:

Traceback (most recent call last):
  File "/Users/jackziegler/Projects/Shyfty/backend/.venv/lib/python3.9/site-packages/uvicorn/protocols/http/httptools_impl.py", line 409, in run_asgi
    result = await app(  # type: ignore[func-returns-value]
  File "/Users/jackziegler/Projects/Shyfty/backend/.venv/lib/python3.9/site-packages/uvicorn/middleware/proxy_headers.py", line 60, in __call__
    return await self.app(scope, receive, send)
  File "/Users/jackziegler/Projects/Shyfty/backend/.venv/lib/python3.9/site-packages/fastapi/applications.py", line 1054, in __call__
    await super().__call__(scope, receive, send)
  File "/Users/jackziegler/Projects/Shyfty/backend/.venv/lib/python3.9/site-packages/starlette/applications.py", line 112, in __call__
    await self.middleware_stack(scope, receive, send)
  File "/Users/jackziegler/Projects/Shyfty/backend/.venv/lib/python3.9/site-packages/starlette/middleware/errors.py", line 187, in __call__
    raise exc
  File "/Users/jackziegler/Projects/Shyfty/backend/.venv/lib/python3.9/site-packages/starlette/middleware/errors.py", line 165, in __call__
    await self.app(scope, receive, _send)
  File "/Users/jackziegler/Projects/Shyfty/backend/.venv/lib/python3.9/site-packages/starlette/middleware/cors.py", line 85, in __call__
    await self.app(scope, receive, send)
  File "/Users/jackziegler/Projects/Shyfty/backend/.venv/lib/python3.9/site-packages/starlette/middleware/exceptions.py", line 62, in __call__
    await wrap_app_handling_exceptions(self.app, conn)(scope, receive, send)
  File "/Users/jackziegler/Projects/Shyfty/backend/.venv/lib/python3.9/site-packages/starlette/_exception_handler.py", line 53, in wrapped_app
    raise exc
  File "/Users/jackziegler/Projects/Shyfty/backend/.venv/lib/python3.9/site-packages/starlette/_exception_handler.py", line 42, in wrapped_app
    await app(scope, receive, sender)
  File "/Users/jackziegler/Projects/Shyfty/backend/.venv/lib/python3.9/site-packages/starlette/routing.py", line 714, in __call__
    await self.middleware_stack(scope, receive, send)
  File "/Users/jackziegler/Projects/Shyfty/backend/.venv/lib/python3.9/site-packages/starlette/routing.py", line 734, in app
    await route.handle(scope, receive, send)
  File "/Users/jackziegler/Projects/Shyfty/backend/.venv/lib/python3.9/site-packages/starlette/routing.py", line 288, in handle
    await self.app(scope, receive, send)
  File "/Users/jackziegler/Projects/Shyfty/backend/.venv/lib/python3.9/site-packages/starlette/routing.py", line 76, in app
    await wrap_app_handling_exceptions(app, request)(scope, receive, send)
  File "/Users/jackziegler/Projects/Shyfty/backend/.venv/lib/python3.9/site-packages/starlette/_exception_handler.py", line 53, in wrapped_app
    raise exc
  File "/Users/jackziegler/Projects/Shyfty/backend/.venv/lib/python3.9/site-packages/starlette/_exception_handler.py", line 42, in wrapped_app
    await app(scope, receive, sender)
  File "/Users/jackziegler/Projects/Shyfty/backend/.venv/lib/python3.9/site-packages/starlette/routing.py", line 73, in app
    response = await f(request)
  File "/Users/jackziegler/Projects/Shyfty/backend/.venv/lib/python3.9/site-packages/fastapi/routing.py", line 301, in app
    raw_response = await run_endpoint_function(
  File "/Users/jackziegler/Projects/Shyfty/backend/.venv/lib/python3.9/site-packages/fastapi/routing.py", line 214, in run_endpoint_function
    return await run_in_threadpool(dependant.call, **values)
  File "/Users/jackziegler/Projects/Shyfty/backend/.venv/lib/python3.9/site-packages/starlette/concurrency.py", line 37, in run_in_threadpool
    return await anyio.to_thread.run_sync(func)
  File "/Users/jackziegler/Projects/Shyfty/backend/.venv/lib/python3.9/site-packages/anyio/to_thread.py", line 63, in run_sync
    return await get_async_backend().run_sync_in_worker_thread(
  File "/Users/jackziegler/Projects/Shyfty/backend/.venv/lib/python3.9/site-packages/anyio/_backends/_asyncio.py", line 2502, in run_sync_in_worker_thread
    return await future
  File "/Users/jackziegler/Projects/Shyfty/backend/.venv/lib/python3.9/site-packages/anyio/_backends/_asyncio.py", line 986, in run
    result = context.run(func, *args)
  File "/Users/jackziegler/Projects/Shyfty/backend/app/api/routes/signals.py", line 22, in get_signals
    return list_signals(
  File "/Users/jackziegler/Projects/Shyfty/backend/app/services/signal_service.py", line 77, in list_signals
    rows = db.execute(query).all()
  File "/Users/jackziegler/Projects/Shyfty/backend/.venv/lib/python3.9/site-packages/sqlalchemy/orm/session.py", line 2365, in execute
    return self._execute_internal(
  File "/Users/jackziegler/Projects/Shyfty/backend/.venv/lib/python3.9/site-packages/sqlalchemy/orm/session.py", line 2241, in _execute_internal
    conn = self._connection_for_bind(bind)
  File "/Users/jackziegler/Projects/Shyfty/backend/.venv/lib/python3.9/site-packages/sqlalchemy/orm/session.py", line 2110, in _connection_for_bind
    return trans._connection_for_bind(engine, execution_options)
  File "<string>", line 2, in _connection_for_bind
  File "/Users/jackziegler/Projects/Shyfty/backend/.venv/lib/python3.9/site-packages/sqlalchemy/orm/state_changes.py", line 139, in _go
    ret_value = fn(self, *arg, **kw)
  File "/Users/jackziegler/Projects/Shyfty/backend/.venv/lib/python3.9/site-packages/sqlalchemy/orm/session.py", line 1189, in _connection_for_bind
    conn = bind.connect()
  File "/Users/jackziegler/Projects/Shyfty/backend/.venv/lib/python3.9/site-packages/sqlalchemy/engine/base.py", line 3274, in connect
    return self._connection_cls(self)
  File "/Users/jackziegler/Projects/Shyfty/backend/.venv/lib/python3.9/site-packages/sqlalchemy/engine/base.py", line 148, in __init__
    Connection._handle_dbapi_exception_noconnection(
  File "/Users/jackziegler/Projects/Shyfty/backend/.venv/lib/python3.9/site-packages/sqlalchemy/engine/base.py", line 2439, in _handle_dbapi_exception_noconnection
    raise sqlalchemy_exception.with_traceback(exc_info[2]) from e
  File "/Users/jackziegler/Projects/Shyfty/backend/.venv/lib/python3.9/site-packages/sqlalchemy/engine/base.py", line 146, in __init__
    self._dbapi_connection = engine.raw_connection()
  File "/Users/jackziegler/Projects/Shyfty/backend/.venv/lib/python3.9/site-packages/sqlalchemy/engine/base.py", line 3298, in raw_connection
    return self.pool.connect()
  File "/Users/jackziegler/Projects/Shyfty/backend/.venv/lib/python3.9/site-packages/sqlalchemy/pool/base.py", line 449, in connect
    return _ConnectionFairy._checkout(self)
  File "/Users/jackziegler/Projects/Shyfty/backend/.venv/lib/python3.9/site-packages/sqlalchemy/pool/base.py", line 1264, in _checkout
    fairy = _ConnectionRecord.checkout(pool)
  File "/Users/jackziegler/Projects/Shyfty/backend/.venv/lib/python3.9/site-packages/sqlalchemy/pool/base.py", line 713, in checkout
    rec = pool._do_get()
  File "/Users/jackziegler/Projects/Shyfty/backend/.venv/lib/python3.9/site-packages/sqlalchemy/pool/impl.py", line 180, in _do_get
    self._dec_overflow()
  File "/Users/jackziegler/Projects/Shyfty/backend/.venv/lib/python3.9/site-packages/sqlalchemy/util/langhelpers.py", line 146, in __exit__
    raise exc_value.with_traceback(exc_tb)
  File "/Users/jackziegler/Projects/Shyfty/backend/.venv/lib/python3.9/site-packages/sqlalchemy/pool/impl.py", line 177, in _do_get
    return self._create_connection()
  File "/Users/jackziegler/Projects/Shyfty/backend/.venv/lib/python3.9/site-packages/sqlalchemy/pool/base.py", line 390, in _create_connection
    return _ConnectionRecord(self)
  File "/Users/jackziegler/Projects/Shyfty/backend/.venv/lib/python3.9/site-packages/sqlalchemy/pool/base.py", line 675, in __init__
    self.__connect()
  File "/Users/jackziegler/Projects/Shyfty/backend/.venv/lib/python3.9/site-packages/sqlalchemy/pool/base.py", line 902, in __connect
    pool.logger.debug("Error on connect(): %s", e)
  File "/Users/jackziegler/Projects/Shyfty/backend/.venv/lib/python3.9/site-packages/sqlalchemy/util/langhelpers.py", line 146, in __exit__
    raise exc_value.with_traceback(exc_tb)
  File "/Users/jackziegler/Projects/Shyfty/backend/.venv/lib/python3.9/site-packages/sqlalchemy/pool/base.py", line 897, in __connect
    self.dbapi_connection = connection = pool._invoke_creator(self)
  File "/Users/jackziegler/Projects/Shyfty/backend/.venv/lib/python3.9/site-packages/sqlalchemy/engine/create.py", line 646, in connect
    return dialect.connect(*cargs, **cparams)
  File "/Users/jackziegler/Projects/Shyfty/backend/.venv/lib/python3.9/site-packages/sqlalchemy/engine/default.py", line 625, in connect
    return self.loaded_dbapi.connect(*cargs, **cparams)  # type: ignore[no-any-return]  # NOQA: E501
  File "/Users/jackziegler/Projects/Shyfty/backend/.venv/lib/python3.9/site-packages/psycopg/connection.py", line 117, in connect
    raise last_ex.with_traceback(None)
sqlalchemy.exc.OperationalError: (psycopg.OperationalError) connection failed: connection to server at "127.0.0.1", port 5432 failed: FATAL:  database "shyfty" does not exist
(Background on this error at: https://sqlalche.me/e/20/e3q8)
